<?php return array (
  0 => 'Symfony\\Bundle\\FrameworkBundle\\Controller\\AbstractController',
  1 => 'App\\Controller\\AccessDeniedController',
  2 => 'App\\Controller\\Admin\\CategoryCrudController',
  3 => 'App\\Controller\\Admin\\CommentCrudController',
  4 => 'App\\Controller\\Admin\\CreationCrudController',
  5 => 'App\\Controller\\Admin\\DashboardController',
  6 => 'App\\Controller\\Admin\\ToolCrudController',
  7 => 'App\\Controller\\Admin\\UserCrudController',
  8 => 'App\\Controller\\Admin\\UsernameHistoryCrudController',
  9 => 'App\\Controller\\CreationController',
  10 => 'App\\Controller\\CreationDetailController',
  11 => 'App\\Controller\\HomeController',
  12 => 'App\\Controller\\SecurityController',
  13 => 'App\\Controller\\UserController',
  14 => 'App\\Entity\\Category',
  15 => 'App\\Entity\\Comment',
  16 => 'App\\Entity\\Creation',
  17 => 'App\\Entity\\Like',
  18 => 'App\\Entity\\Tool',
  19 => 'App\\Entity\\User',
  20 => 'App\\Entity\\UsernameHistory',
  21 => 'Doctrine\\Bundle\\DoctrineBundle\\Controller\\ProfilerController',
  22 => 'Doctrine\\ORM\\Cache\\Persister\\Entity\\AbstractEntityPersister',
  23 => 'Doctrine\\ORM\\Cache\\Persister\\Entity\\CachedEntityPersister',
  24 => 'Doctrine\\ORM\\Cache\\Persister\\Entity\\NonStrictReadWriteCachedEntityPersister',
  25 => 'Doctrine\\ORM\\Cache\\Persister\\Entity\\ReadOnlyCachedEntityPersister',
  26 => 'Doctrine\\ORM\\Cache\\Persister\\Entity\\ReadWriteCachedEntityPersister',
  27 => 'Doctrine\\ORM\\Persisters\\Entity\\AbstractEntityInheritancePersister',
  28 => 'Doctrine\\ORM\\Persisters\\Entity\\BasicEntityPersister',
  29 => 'Doctrine\\ORM\\Persisters\\Entity\\CachedPersisterContext',
  30 => 'Doctrine\\ORM\\Persisters\\Entity\\EntityPersister',
  31 => 'Doctrine\\ORM\\Persisters\\Entity\\JoinedSubclassPersister',
  32 => 'Doctrine\\ORM\\Persisters\\Entity\\SingleTablePersister',
  33 => 'EasyCorp\\Bundle\\EasyAdminBundle\\Contracts\\Controller\\CrudControllerInterface',
  34 => 'EasyCorp\\Bundle\\EasyAdminBundle\\Contracts\\Controller\\DashboardControllerInterface',
  35 => 'EasyCorp\\Bundle\\EasyAdminBundle\\Controller\\AbstractCrudController',
  36 => 'EasyCorp\\Bundle\\EasyAdminBundle\\Controller\\AbstractDashboardController',
  38 => 'Symfony\\Bundle\\FrameworkBundle\\Controller\\ControllerResolver',
  39 => 'Symfony\\Bundle\\FrameworkBundle\\Controller\\RedirectController',
  40 => 'Symfony\\Bundle\\FrameworkBundle\\Controller\\TemplateController',
  41 => 'Symfony\\Bundle\\WebProfilerBundle\\Controller\\ExceptionPanelController',
  42 => 'Symfony\\Bundle\\WebProfilerBundle\\Controller\\ProfilerController',
  43 => 'Symfony\\Bundle\\WebProfilerBundle\\Controller\\RouterController',
  44 => 'Symfony\\Component\\HttpKernel\\Controller\\ArgumentResolver',
  45 => 'Symfony\\Component\\HttpKernel\\Controller\\ArgumentResolverInterface',
  46 => 'Symfony\\Component\\HttpKernel\\Controller\\ArgumentResolver\\BackedEnumValueResolver',
  47 => 'Symfony\\Component\\HttpKernel\\Controller\\ArgumentResolver\\DateTimeValueResolver',
  48 => 'Symfony\\Component\\HttpKernel\\Controller\\ArgumentResolver\\DefaultValueResolver',
  49 => 'Symfony\\Component\\HttpKernel\\Controller\\ArgumentResolver\\NotTaggedControllerValueResolver',
  50 => 'Symfony\\Component\\HttpKernel\\Controller\\ArgumentResolver\\RequestAttributeValueResolver',
  51 => 'Symfony\\Component\\HttpKernel\\Controller\\ArgumentResolver\\RequestValueResolver',
  52 => 'Symfony\\Component\\HttpKernel\\Controller\\ArgumentResolver\\ServiceValueResolver',
  53 => 'Symfony\\Component\\HttpKernel\\Controller\\ArgumentResolver\\SessionValueResolver',
  54 => 'Symfony\\Component\\HttpKernel\\Controller\\ArgumentResolver\\TraceableValueResolver',
  55 => 'Symfony\\Component\\HttpKernel\\Controller\\ArgumentResolver\\UidValueResolver',
  56 => 'Symfony\\Component\\HttpKernel\\Controller\\ArgumentResolver\\VariadicValueResolver',
  57 => 'Symfony\\Component\\HttpKernel\\Controller\\ArgumentValueResolverInterface',
  58 => 'Symfony\\Component\\HttpKernel\\Controller\\ContainerControllerResolver',
  59 => 'Symfony\\Component\\HttpKernel\\Controller\\ControllerReference',
  60 => 'Symfony\\Component\\HttpKernel\\Controller\\ControllerResolver',
  61 => 'Symfony\\Component\\HttpKernel\\Controller\\ControllerResolverInterface',
  62 => 'Symfony\\Component\\HttpKernel\\Controller\\ErrorController',
  63 => 'Symfony\\Component\\HttpKernel\\Controller\\TraceableArgumentResolver',
  64 => 'Symfony\\Component\\HttpKernel\\Controller\\TraceableControllerResolver',
  65 => 'Symfony\\Component\\Security\\Http\\Controller\\UserValueResolver',
  66 => 'Vich\\UploaderBundle\\Entity\\File',
);